---
source: c2rust-transpile/tests/snapshots.rs
expression: cat tests/c_decls_snapshots/directives.c_decls.json
---
{
  "definitions": {
    "cond_fn": {
      "decl_line": 1,
      "definition": "// comment for cond_fn\nint cond_fn(void) {\n#ifdef NOT_DEFINED\n    /* comment in inactive region; must not appear in preprocessed text */\n    return 1;\n#else\n    // comment in active region\n    return 2;\n#endif\n}",
      "preprocessed_definition": "// comment for cond_fn\nint cond_fn(void) {\n\n\n\n\n    // comment in active region\n    return 2;\n\n}"
    },
    "shadowed_name": {
      "decl_line": 0,
      "definition": "struct shadowed_name *shadowed_name(void) {\n    return 0;\n}",
      "preprocessed_definition": "struct shadowed_name *shadowed_name(void) {\n    return 0;\n}"
    },
    "uses_macro": {
      "decl_line": 1,
      "definition": "/* comment for uses_macro */\nint uses_macro(int n) {\n    /* macro invocation should stay unexpanded */\n    return DOUBLE(n);\n}",
      "preprocessed_definition": "/* comment for uses_macro */\nint uses_macro(int n) {\n    /* macro invocation should stay unexpanded */\n    return DOUBLE(n);\n}"
    }
  }
}
