---
source: c2rust-transpile/tests/snapshots.rs
expression: cat tests/snapshots/atomics.2024.clang15.rs
---
#![allow(
    clippy::missing_safety_doc,
    dead_code,
    non_camel_case_types,
    non_snake_case,
    non_upper_case_globals,
    unsafe_op_in_unsafe_fn,
    unused_assignments,
    unused_mut
)]
#![feature(core_intrinsics)]
#[unsafe(no_mangle)]
pub unsafe extern "C" fn c11_atomics(mut x: ::core::ffi::c_int) -> ::core::ffi::c_int {
    *&raw mut x = 0 as ::core::ffi::c_int;
    ::core::intrinsics::atomic_store::<_, { ::core::intrinsics::AtomicOrdering::SeqCst }>(
        &raw mut x,
        1 as ::core::ffi::c_int,
    );
    ::core::intrinsics::atomic_load::<_, { ::core::intrinsics::AtomicOrdering::SeqCst }>(
        &raw mut x,
    );
    ::core::intrinsics::atomic_xadd::<_, _, { ::core::intrinsics::AtomicOrdering::SeqCst }>(
        &raw mut x,
        2 as ::core::ffi::c_int,
    );
    ::core::intrinsics::atomic_xsub::<_, _, { ::core::intrinsics::AtomicOrdering::SeqCst }>(
        &raw mut x,
        1 as ::core::ffi::c_int,
    );
    ::core::intrinsics::atomic_and::<_, _, { ::core::intrinsics::AtomicOrdering::SeqCst }>(
        &raw mut x,
        0xf as ::core::ffi::c_int,
    );
    ::core::intrinsics::atomic_or::<_, _, { ::core::intrinsics::AtomicOrdering::SeqCst }>(
        &raw mut x,
        0x10 as ::core::ffi::c_int,
    );
    ::core::intrinsics::atomic_nand::<_, _, { ::core::intrinsics::AtomicOrdering::SeqCst }>(
        &raw mut x,
        0xff as ::core::ffi::c_int,
    );
    ::core::intrinsics::atomic_xchg::<_, { ::core::intrinsics::AtomicOrdering::SeqCst }>(
        &raw mut x,
        42 as ::core::ffi::c_int,
    );
    let mut expected: ::core::ffi::c_int = 42 as ::core::ffi::c_int;
    let mut desired: ::core::ffi::c_int = 100 as ::core::ffi::c_int;
    let c2rust_fresh0 = ::core::intrinsics::atomic_cxchg::<
        _,
        { ::core::intrinsics::AtomicOrdering::SeqCst },
        { ::core::intrinsics::AtomicOrdering::SeqCst },
    >(&raw mut x, *&raw mut expected, desired);
    *&raw mut expected = c2rust_fresh0.0;
    c2rust_fresh0.1;
    expected = 100 as ::core::ffi::c_int;
    desired = 200 as ::core::ffi::c_int;
    let c2rust_fresh1 = ::core::intrinsics::atomic_cxchgweak::<
        _,
        { ::core::intrinsics::AtomicOrdering::SeqCst },
        { ::core::intrinsics::AtomicOrdering::SeqCst },
    >(&raw mut x, *&raw mut expected, desired);
    *&raw mut expected = c2rust_fresh1.0;
    c2rust_fresh1.1;
    return x;
}
#[unsafe(no_mangle)]
pub unsafe extern "C" fn fetch_after_atomics_signed(
    mut x: ::core::ffi::c_int,
) -> ::core::ffi::c_int {
    let c2rust_fresh2 = &raw mut x;
    let c2rust_fresh3 = 2 as ::core::ffi::c_int;
    ::core::intrinsics::atomic_xadd::<_, _, { ::core::intrinsics::AtomicOrdering::SeqCst }>(
        c2rust_fresh2,
        c2rust_fresh3,
    ) + c2rust_fresh3;
    let c2rust_fresh4 = &raw mut x;
    let c2rust_fresh5 = 1 as ::core::ffi::c_int;
    ::core::intrinsics::atomic_xsub::<_, _, { ::core::intrinsics::AtomicOrdering::SeqCst }>(
        c2rust_fresh4,
        c2rust_fresh5,
    ) - c2rust_fresh5;
    let c2rust_fresh6 = &raw mut x;
    let c2rust_fresh7 = 0xf as ::core::ffi::c_int;
    ::core::intrinsics::atomic_and::<_, _, { ::core::intrinsics::AtomicOrdering::SeqCst }>(
        c2rust_fresh6,
        c2rust_fresh7,
    ) & c2rust_fresh7;
    let c2rust_fresh8 = &raw mut x;
    let c2rust_fresh9 = 0x10 as ::core::ffi::c_int;
    ::core::intrinsics::atomic_or::<_, _, { ::core::intrinsics::AtomicOrdering::SeqCst }>(
        c2rust_fresh8,
        c2rust_fresh9,
    ) | c2rust_fresh9;
    let c2rust_fresh10 = &raw mut x;
    let c2rust_fresh11 = 0xff as ::core::ffi::c_int;
    !(::core::intrinsics::atomic_nand::<_, _, { ::core::intrinsics::AtomicOrdering::SeqCst }>(
        c2rust_fresh10,
        c2rust_fresh11,
    ) & c2rust_fresh11);
    return x;
}
#[unsafe(no_mangle)]
pub unsafe extern "C" fn fetch_after_atomics_unsigned(
    mut x: ::core::ffi::c_uint,
) -> ::core::ffi::c_uint {
    let c2rust_fresh12 = &raw mut x;
    let c2rust_fresh13 = 2 as ::core::ffi::c_uint;
    ::core::intrinsics::atomic_xadd::<_, _, { ::core::intrinsics::AtomicOrdering::SeqCst }>(
        c2rust_fresh12,
        c2rust_fresh13,
    )
    .wrapping_add(c2rust_fresh13);
    let c2rust_fresh14 = &raw mut x;
    let c2rust_fresh15 = 1 as ::core::ffi::c_uint;
    ::core::intrinsics::atomic_xsub::<_, _, { ::core::intrinsics::AtomicOrdering::SeqCst }>(
        c2rust_fresh14,
        c2rust_fresh15,
    )
    .wrapping_sub(c2rust_fresh15);
    let c2rust_fresh16 = &raw mut x;
    let c2rust_fresh17 = 0xf as ::core::ffi::c_uint;
    ::core::intrinsics::atomic_and::<_, _, { ::core::intrinsics::AtomicOrdering::SeqCst }>(
        c2rust_fresh16,
        c2rust_fresh17,
    ) & c2rust_fresh17;
    let c2rust_fresh18 = &raw mut x;
    let c2rust_fresh19 = 0x10 as ::core::ffi::c_uint;
    ::core::intrinsics::atomic_or::<_, _, { ::core::intrinsics::AtomicOrdering::SeqCst }>(
        c2rust_fresh18,
        c2rust_fresh19,
    ) | c2rust_fresh19;
    let c2rust_fresh20 = &raw mut x;
    let c2rust_fresh21 = 0xff as ::core::ffi::c_uint;
    !(::core::intrinsics::atomic_nand::<_, _, { ::core::intrinsics::AtomicOrdering::SeqCst }>(
        c2rust_fresh20,
        c2rust_fresh21,
    ) & c2rust_fresh21);
    return x;
}
pub const __ATOMIC_SEQ_CST: ::core::ffi::c_int = 5 as ::core::ffi::c_int;
