---
source: c2rust-transpile/tests/snapshots.rs
expression: cat tests/snapshots/arch-specific/spin.2024.x86_64.rs
---
#![allow(
    dead_code,
    non_camel_case_types,
    non_snake_case,
    non_upper_case_globals,
    unsafe_op_in_unsafe_fn,
    unused_assignments,
    unused_mut
)]
#[cfg(target_arch = "x86")]
pub use ::core::arch::x86::_mm_pause;
#[cfg(target_arch = "x86_64")]
pub use ::core::arch::x86_64::_mm_pause;
#[unsafe(no_mangle)]
pub unsafe extern "C" fn spin() {
    _mm_pause();
}
