---
source: c2rust-transpile/tests/snapshots.rs
expression: cat tests/snapshots/os-specific/switch.linux.rs
input_file: c2rust-transpile/tests/snapshots/os-specific/switch.c
---
#![allow(
    dead_code,
    non_camel_case_types,
    non_snake_case,
    non_upper_case_globals,
    unused_assignments,
    unused_mut
)]
#[no_mangle]
pub unsafe extern "C" fn basic_switch(mut x: ::core::ffi::c_int) -> ::core::ffi::c_int {
    match x {
        0 => {
            x += 1 as ::core::ffi::c_int;
        }
        1 => {
            x += 2 as ::core::ffi::c_int;
            if x != 0 {
                x += 3 as ::core::ffi::c_int;
            } else {
                x += 4 as ::core::ffi::c_int;
            }
            x += 5 as ::core::ffi::c_int;
        }
        2 | 3 | 4 => {
            x += 6 as ::core::ffi::c_int;
        }
        _ => {}
    }
    match x {
        0 => {
            x += 7 as ::core::ffi::c_int;
        }
        _ => {
            x += 8 as ::core::ffi::c_int;
        }
    }
    return x;
}
#[no_mangle]
pub unsafe extern "C" fn fallthrough_many(mut x: ::core::ffi::c_int) -> ::core::ffi::c_int {
    let mut c2rust_current_block_4: u64;
    match x {
        0 => {
            x += 1 as ::core::ffi::c_int;
            c2rust_current_block_4 = 10360454792362206679;
        }
        1 => {
            c2rust_current_block_4 = 10360454792362206679;
        }
        2 => {
            c2rust_current_block_4 = 3423701799690728026;
        }
        3 => {
            c2rust_current_block_4 = 18310602771108729670;
        }
        _ => {
            c2rust_current_block_4 = 8624014922074814122;
        }
    }
    match c2rust_current_block_4 {
        10360454792362206679 => {
            x += 1 as ::core::ffi::c_int;
            c2rust_current_block_4 = 3423701799690728026;
        }
        _ => {}
    }
    match c2rust_current_block_4 {
        3423701799690728026 => {
            x += 1 as ::core::ffi::c_int;
            c2rust_current_block_4 = 18310602771108729670;
        }
        _ => {}
    }
    match c2rust_current_block_4 {
        18310602771108729670 => {
            x += 1 as ::core::ffi::c_int;
        }
        _ => {}
    }
    x += 1 as ::core::ffi::c_int;
    let mut c2rust_current_block_10: u64;
    match x {
        0 => {
            x += 1 as ::core::ffi::c_int;
            c2rust_current_block_10 = 10897594935609488075;
        }
        1 => {
            c2rust_current_block_10 = 10897594935609488075;
        }
        2 => {
            c2rust_current_block_10 = 8984589044037914545;
        }
        3 => {
            c2rust_current_block_10 = 13766659360152472789;
        }
        4 => {
            c2rust_current_block_10 = 883797864222002128;
        }
        _ => {
            c2rust_current_block_10 = 1856101646708284338;
        }
    }
    match c2rust_current_block_10 {
        10897594935609488075 => {
            x += 1 as ::core::ffi::c_int;
            c2rust_current_block_10 = 8984589044037914545;
        }
        _ => {}
    }
    match c2rust_current_block_10 {
        8984589044037914545 => {
            x += 1 as ::core::ffi::c_int;
            c2rust_current_block_10 = 13766659360152472789;
        }
        _ => {}
    }
    match c2rust_current_block_10 {
        13766659360152472789 => {
            x += 1 as ::core::ffi::c_int;
            c2rust_current_block_10 = 883797864222002128;
        }
        _ => {}
    }
    match c2rust_current_block_10 {
        883797864222002128 => {
            x += 1 as ::core::ffi::c_int;
        }
        _ => {}
    }
    return x;
}
