---
source: c2rust-transpile/tests/snapshots.rs
expression: cat tests/snapshots/static_assert.2024.rs
---
#![allow(
    clippy::missing_safety_doc,
    dead_code,
    non_camel_case_types,
    non_snake_case,
    non_upper_case_globals,
    unused_assignments,
    unused_mut
)]
#![deny(unsafe_op_in_unsafe_fn)]
#[unsafe(no_mangle)]
pub unsafe extern "C" fn static_assert() {}
