---
source: c2rust-refactor/tests/snapshots.rs
expression: "c2rust-refactor abstract 'add(x: i32, y: i32) -> i32' 'x + y' --rewrite-mode alongside -- tests/snapshots/abstract.rs --edition 2021"
---
fn main() {
    let x = add(1, 2);
    let x = add(add(1, 2), 3);

    let x = 1_u8 - 2_u8;
    let x = 1_u32 - 2_u32;
    let x = 1_f64 - 2_f64;
}
unsafe fn add(x: i32, y: i32) -> i32 {
    x + y
}
