---
source: c2rust-refactor/tests/snapshots.rs
expression: c2rust-refactor noop --rewrite-mode alongside -- tests/snapshots/reorder_derives.rs --edition 2021
---
#![allow(
    dead_code,
    non_camel_case_types,
    non_snake_case,
    non_upper_case_globals,
    unused_assignments,
    unused_mut
)]

#[derive(Copy, Clone)]
#[repr(C)]
pub struct S0 {}

#[derive(Clone)]
#[repr(u8)]
#[derive(Copy)]
#[derive(Debug)]
pub enum E1 {
    A,
}

#[cfg(not(test))]
#[derive(Debug, Copy, Clone)]
#[repr(u32)]
pub enum E2 {
    A,
}

#[derive(Debug)]
pub struct S3 {}
