---
source: c2rust-refactor/tests/snapshots.rs
expression: "c2rust-refactor rewrite_expr 'typed!($i:Ident, u16)' 1000u16 --rewrite-mode alongside -- tests/snapshots/matcher_typed.rs --edition 2021"
---
fn main() {
    let a = 1u8;
    let b = 2u16;
    let c = 3u32;
    let d = 4u64;
    let s = "hello";
    println!("{} {} {} {} {}", a, b, c, d, s);
}
