---
source: c2rust-refactor/tests/snapshots.rs
expression: c2rust-refactor fix_unused_unsafe --rewrite-mode alongside -- tests/snapshots/fix_unused_unsafe.rs --edition 2021 -Awarnings
---
fn main() {
    // Has unsafe operations, shouldn't be modified.
    unsafe {
        let val = 123;
        let ptr = &val as *const i32;
        let _safe_val = *ptr;
    }

    // Block with no comment and no destructors, block should be removed but
    // contents kept.
    let x = 42;

    // Has a comment, shouldn't be removed.
    {}

    {
        // Contains a destructor, keep the block to avoid changing drop order.
        let _string = String::from("string");
    }

    // Block expression should stay.
    let _ = { 5 + 5 };
}
